// Jest Snapshot v1, https://goo.gl/fbAQLP

exports[`ColorSwatch should match snapshot 1`] = `null`;
