// Jest Snapshot v1, https://goo.gl/fbAQLP

exports[`ColorPalette should match snapshot 1`] = `
<article
  class="sc-bdVaJa bDWFJH"
>
  <h2
    class="sc-bwzfXH uTxCW"
  >
     generic palette
  </h2>
</article>
`;
